// Jest Snapshot v1, https://goo.gl/fbAQLP

exports[`<Emoji /> Renders the Component 1`] = `undefined`;
