// Jest Snapshot v1, https://goo.gl/fbAQLP

exports[`<AuthModal /> Renders the Component 1`] = `undefined`;
