// Jest Snapshot v1, https://goo.gl/fbAQLP

exports[`<Banner /> Renders the Component 1`] = `undefined`;
