// Jest Snapshot v1, https://goo.gl/fbAQLP

exports[`<Footer /> Renders the Component 1`] = `undefined`;
