// Jest Snapshot v1, https://goo.gl/fbAQLP

exports[`<Header /> Renders the Component 1`] = `undefined`;
