// Jest Snapshot v1, https://goo.gl/fbAQLP

exports[`<HomeButton /> Renders the Component 1`] = `undefined`;
