// Jest Snapshot v1, https://goo.gl/fbAQLP

exports[`<LoginButton /> Renders the Component 1`] = `undefined`;
