// Jest Snapshot v1, https://goo.gl/fbAQLP

exports[`<MovieImage /> Renders the Component 1`] = `undefined`;
