// Jest Snapshot v1, https://goo.gl/fbAQLP

exports[`<MovieRating /> Renders the Component 1`] = `undefined`;
