// Jest Snapshot v1, https://goo.gl/fbAQLP

exports[`<MovieCard /> Renders the Component 1`] = `undefined`;
