// Jest Snapshot v1, https://goo.gl/fbAQLP

exports[`<MoviesGrid /> Renders the Component 1`] = `undefined`;
