// Jest Snapshot v1, https://goo.gl/fbAQLP

exports[`<UserDropdown /> Renders the Component 1`] = `undefined`;
