// Jest Snapshot v1, https://goo.gl/fbAQLP

exports[`<Container /> Renders the Component 1`] = `undefined`;
