// Jest Snapshot v1, https://goo.gl/fbAQLP

exports[`<Analytics /> Renders the Component 1`] = `undefined`;
