// Jest Snapshot v1, https://goo.gl/fbAQLP

exports[`<Favorites /> Renders the Component 1`] = `undefined`;
