// Jest Snapshot v1, https://goo.gl/fbAQLP

exports[`<Page404 /> Renders the Component 1`] = `undefined`;
